  Current |                    Name                    |        Platform        |       Credential        
+---------+--------------------------------------------+------------------------+------------------------+
  *       | login-fake@user.com-http://127.0.0.1:12345 | http://127.0.0.1:12345 | username-fake@user.com  
