  Resource ID |         Email         | First Name | Last Name | Status   
+-------------+-----------------------+------------+-----------+---------+
  u11         | bstrauch@confluent.io | Brian      | Strauch   | Pending  
  u-17        | mtodzo@confluent.io   | Miles      | Todzo     | Pending  
  u-11aaa     | u-11aaa@confluent.io  |         11 | Aaa       | Pending  
  u-22bbb     | u-22bbb@confluent.io  |         22 | Bbb       | Pending  
  u-33ccc     | u-33ccc@confluent.io  |         33 | Ccc       | Pending  
