   Principal   |        Email         |       Role        | ResourceType |    Name     | PatternType  
+--------------+----------------------+-------------------+--------------+-------------+-------------+
  User:u-33ccc | u-33ccc@confluent.io | CloudClusterAdmin | Cluster      | lkc-1111aaa |              
