       Key      | Owner | Description | Resource Type | Resource ID  
+---------------+-------+-------------+---------------+-------------+
    MYKEY4      |    23 | my-cool-app | kafka         | lkc-cool1    
    UIAPIKEY100 |    25 |             | kafka         | lkc-cool1    
    UIAPIKEY103 |    25 |             | kafka         | lkc-cool1    
