Error: required: either principal or role is required
Usage:
  confluent iam rolebinding list [flags]

Flags:
      --principal string                    Principal whose rolebindings should be listed.
      --role string                         List rolebindings under a specific role given to a principal. Or if no principal is specified, list principals with the role.
      --resource string                     If specified with a role and no principals, list principals with rolebindings to the role for this qualified resource.
      --kafka-cluster-id string             Kafka cluster ID for scope of rolebinding listings.
      --schema-registry-cluster-id string   Schema Registry cluster ID for scope of rolebinding listings.
      --ksql-cluster-id string              KSQL cluster ID for scope of rolebinding listings.
      --connect-cluster-id string           Kafka Connect cluster ID for scope of rolebinding listings.
  -h, --help                                help for list

Global Flags:
  -v, --verbose count   Increase verbosity (-v for warn, -vv for info, -vvv for debug, -vvvv for trace).

