Manage your Confluent Platform.

Usage:
  confluent [command]

Available Commands:
  audit-log       Manage audit log configuration.
  cluster         Retrieve metadata about Confluent clusters.
  completion      Print shell completion code.
  connect         Manage Connect.
  help            Help about any command
  iam             Manage RBAC, ACL and IAM permissions.
  kafka           Manage Apache Kafka.
  ksql            Manage KSQL applications.
  local           Manage a local Confluent Platform development environment.
  login           Log in to Confluent Platform (required for RBAC).
  logout          Logout of Confluent Platform.
  schema-registry Manage Schema Registry.
  secret          Manage secrets for Confluent Platform.
  update          Update the confluent CLI.
  version         Print the confluent CLI version.

Flags:
  -h, --help            help for confluent
  -v, --verbose count   Increase verbosity (-v for warn, -vv for info, -vvv for debug, -vvvv for trace).
      --version         version for confluent

Use "confluent [command] --help" for more information about a command.
