[
  {
    "clusterName": "theMdsConnectCluster",
    "scope": {
      "clusters": {
        "kafka-cluster": "kafka-GUID",
        "connect-cluster": "connect-name"
      }
    },
    "hosts": [
      {
        "host": "10.5.5.5",
        "port": 9005
      }
    ]
  }, 
  {
    "clusterName": "theMdsKafkaCluster",
    "scope": {
      "clusters": {
        "kafka-cluster": "kafka-GUID"
      }
    },
    "hosts": [
      {
        "host": "10.10.10.10",
        "port": 8090
      }, 
      {
        "host": "mds.example.com",
        "port": 8090
      }
    ]
  }, 
  {
    "clusterName": "theMdsKSQLCluster",
    "scope": {
      "clusters": {
        "kafka-cluster": "kafka-GUID",
        "ksql-cluster": "ksql-name"
      }
    },
    "hosts": [
      {
        "host": "10.4.4.4",
        "port": 9004
      }
    ]
  }, 
  {
    "clusterName": "theMdsSchemaRegistryCluster",
    "scope": {
      "clusters": {
        "kafka-cluster": "kafka-GUID",
        "schema-registry-cluster": "schema-registry-name"
      }
    },
    "hosts": [
      {
        "host": "10.3.3.3",
        "port": 9003
      }
    ]
  }
]
