      Principal     |      Role      | ResourceType |  Name  | PatternType  
+-------------------+----------------+--------------+--------+-------------+
  Group:hobbits     | DeveloperWrite | Topic        | shire- | PREFIXED     
  Group:ringBearers | DeveloperWrite | Topic        | ring-  | PREFIXED     
