[
  {
    "name": "drink",
    "pattern_type": "LITERAL",
    "principal": "Group:hobbits",
    "resource_type": "Topic",
    "role": "DeveloperRead"
  }, 
  {
    "name": "food",
    "pattern_type": "LITERAL",
    "principal": "Group:hobbits",
    "resource_type": "Topic",
    "role": "DeveloperRead"
  }
]
