Manage your Confluent Platform.

Usage:
  confluent [command]

Available Commands:
  completion  Print shell completion code.
  help        Help about any command
  iam         Manage RBAC and IAM permissions.
  local       Manage a local Confluent Platform development environment.
  login       Login to Confluent Platform.
  logout      Logout of Confluent Platform.
  secret      Manage secrets for Confluent Platform.
  update      Update the confluent CLI.
  version     Print the confluent CLI version.

Flags:
  -h, --help            help for confluent
  -v, --verbose count   Increase verbosity (-v for warn, -vv for info, -vvv for debug, -vvvv for trace).
      --version         version for confluent

Use "confluent [command] --help" for more information about a command.
