             Name             |          Type           |  Kafka ID  |     Component ID     |                 Hosts                  |    Protocol     
+-----------------------------+-------------------------+------------+----------------------+----------------------------------------+----------------+
  theMdsConnectCluster        | connect-cluster         | kafka-GUID | connect-name         | 10.5.5.5:9005                          | HTTPS           
  theMdsKSQLCluster           | ksql-cluster            | kafka-GUID | ksql-name            | 10.4.4.4:9004                          | HTTPS           
  theMdsKafkaCluster          | kafka-cluster           | kafka-GUID |                      | 10.10.10.10:8090, mds.example.com:8090 | SASL_PLAINTEXT  
  theMdsSchemaRegistryCluster | schema-registry-cluster | kafka-GUID | schema-registry-name | 10.3.3.3:9003                          | HTTPS           
