Connector Details
+--------+--------------+
| ID     | lcc-123      |
| Name   | az-connector |
| Status | Running      |
| Type   | Sink         |
+--------+--------------+


Task Level Details
  TaskId |  State   
+--------+---------+
       1 | Running  


Configuration Details
  Configuration | Value  
+---------------+-------+
