Catalog of connectors and their configurations.

Usage:
  ccloud connector-catalog [command]

Available Commands:
  describe    Describe a connector plugin type.
  list        List connector plugin types.

Flags:
  -h, --help   help for connector-catalog

Global Flags:
  -v, --verbose count   Increase verbosity (-v for warn, -vv for info, -vvv for debug, -vvvv for trace).

Use "ccloud connector-catalog [command] --help" for more information about a command.

Did you know you can use the `ccloud feedback` command to send the team feedback?
Let us know if the CLI is meeting your needs, or what we can do to improve it.
