Manage your Confluent Cloud.

Usage:
  ccloud [command]

Available Commands:
  api-key         Manage API keys
  completion      Output shell completion code
  environment     Manage and select ccloud environments
  help            Help about any command
  kafka           Manage Apache Kafka
  login           Login to Confluent Cloud
  logout          Logout of Confluent Cloud
  service-account Manage service accounts
  update          Update ccloud
  version         Print the ccloud version

Flags:
  -h, --help            help for ccloud
  -v, --verbose count   increase verbosity (-v for warn, -vv for info, -vvv for debug, -vvvv for trace)
      --version         version for ccloud

Use "ccloud [command] --help" for more information about a command.
