Manage your Confluent Cloud.

Usage:
  ccloud [command]

Available Commands:
  api-key         Manage the API keys.
  completion      Print shell completion code.
  environment     Manage and select ccloud environments.
  help            Help about any command
  kafka           Manage Apache Kafka.
  login           Log in to Confluent Cloud.
  logout          Logout of Confluent Cloud.
  prompt          Print ccloud CLI context for your terminal prompt.
  service-account Manage service accounts. This is only available for Confluent Cloud Enterprise users.
  update          Update the ccloud CLI.
  version         Print the ccloud CLI version.

Flags:
  -h, --help            help for ccloud
  -v, --verbose count   Increase verbosity (-v for warn, -vv for info, -vvv for debug, -vvvv for trace).
      --version         version for ccloud

Use "ccloud [command] --help" for more information about a command.
