Manage your Confluent Cloud.

Usage:
  ccloud [command]

Available Commands:
  api-key           Manage the API keys.
  completion        Print shell completion code.
  config            Modify the CLI configuration.
  connector         Manage Kafka Connect.
  connector-catalog Catalog of connectors and their configurations.
  environment       Manage and select ccloud environments.
  feedback          Submit feedback about the ccloud CLI.
  help              Help about any command
  init              Initialize a context.
  kafka             Manage Apache Kafka.
  ksql              Manage KSQL applications.
  login             Log in to Confluent Cloud.
  logout            Logout of Confluent Cloud.
  prompt            Print ccloud CLI context for your terminal prompt.
  schema-registry   Manage Schema Registry.
  service-account   Manage service accounts.
  update            Update the ccloud CLI.
  version           Print the ccloud CLI version.

Flags:
  -h, --help            help for ccloud
  -v, --verbose count   Increase verbosity (-v for warn, -vv for info, -vvv for debug, -vvvv for trace).
      --version         version for ccloud

Use "ccloud [command] --help" for more information about a command.

Did you know you can use the `ccloud feedback` command to send the team feedback?
Let us know if the CLI is meeting your needs, or what we can do to improve it.
