  CloudId |       CloudName       |    RegionId     |         RegionName           
+---------+-----------------------+-----------------+-----------------------------+
  gcp     | Google Cloud Platform | asia-southeast1 | asia-southeast1 (Singapore)  
  gcp     | Google Cloud Platform | asia-east2      | asia-east2 (Hong Kong)       
