Error: not implemented
Usage:
  ccloud kafka cluster delete ID [flags]

Flags:
  -h, --help   help for delete

Global Flags:
      --environment string   ID of the environment in which to run the command
  -v, --verbose count        increase verbosity (-v for warn, -vv for info, -vvv for debug, -vvvv for trace)

