Error: 'oops' cloud provider does not exist. You can view a list of available cloud providers and regions with the 'kafka region list' command.

Did you know you can use the "ccloud feedback" command to send the team feedback?
Let us know if the ccloud CLI is meeting your needs, or what we can do to improve it.
