+-------------+---------------------------+
| Id          | lkc-describe              |
| Name        | kafka-cluster             |
| Type        | BASIC                     |
| Ingress     |                       100 |
| Egress      |                       100 |
| Storage     |                       500 |
| Provider    | aws                       |
| Region      | us-west-2                 |
| Status      | PROVISIONING              |
| Endpoint    | SASL_SSL://kafka-endpoint |
| ApiEndpoint | http://kafka-api-url      |
+-------------+---------------------------+
