+--------------------+---------------------------+
| Id                 | lkc-update-dedicated      |
| Name               | lkc-update-dedicated      |
| Type               | DEDICATED                 |
| Ingress            |                       100 |
| Egress             |                       300 |
| Storage            |                     60000 |
| Provider           | aws                       |
| Region             | us-west-2                 |
| Status             | EXPANDING                 |
| Endpoint           | SASL_SSL://kafka-endpoint |
| ApiEndpoint        | http://kafka-api-url      |
| ClusterSize        |                         1 |
| PendingClusterSize |                         2 |
+--------------------+---------------------------+
