Error: 'oops' is not an available region for 'aws'. You can view a list of available regions for 'aws' with 'kafka region list --cloud aws' command.

Did you know you can use the "ccloud feedback" command to send the team feedback?
Let us know if the ccloud CLI is meeting your needs, or what we can do to improve it.
