Error: accepts 1 arg(s), received 0
Usage:
  ccloud kafka cluster create <name> [flags]

Flags:
      --cloud string    Cloud provider (e.g. 'aws' or 'gcp')
      --region string   Cloud region for cluster (e.g. 'us-west-2')
      --multizone       Use multiple zones for high availability
  -h, --help            help for create

Global Flags:
  -v, --verbose count   Increase verbosity (-v for warn, -vv for info, -vvv for debug, -vvvv for trace).

