{
  "id": "lkc-def963",
  "name": "my-new-cluster",
  "type": "BASIC",
  "ingress": 100,
  "egress": 100,
  "storage": 5000,
  "provider": "aws",
  "region": "us-east-1",
  "status": "PROVISIONING",
  "endpoint": "SASL_SSL://kafka-endpoint",
  "api_endpoint": "http://127.0.0.1:12345",
  "encryption_key_id": ""
}
