List KSQL apps.

Usage:
  ccloud ksql app list [flags]

Flags:
  -o, --output string   Specify the output format as "human", "json" or "yaml". (default "human")
  -h, --help            help for list

Global Flags:
  -v, --verbose count   Increase verbosity (-v for warn, -vv for info, -vvv for debug, -vvvv for trace).
