Manage ksqlDB apps.

Usage:
  ccloud ksql app [command]

Available Commands:
  configure-acls Configure ACLs for a ksqlDB cluster.
  create         Create a ksqlDB app.
  delete         Delete a ksqlDB app.
  describe       Describe a ksqlDB app.
  list           List ksqlDB apps.

Global Flags:
  -h, --help            Show help for this command.
  -v, --verbose count   Increase verbosity (-v for warn, -vv for info, -vvv for debug, -vvvv for trace).

Use "ccloud ksql app [command] --help" for more information about a command.

Did you know you can use the `ccloud feedback` command to send the team feedback?
Let us know if the CLI is meeting your needs, or what we can do to improve it.
