Create a KSQL app.

Usage:
  ccloud ksql app create <name> [flags]

Flags:
      --cluster string   Kafka cluster ID.
      --csu int32        Number of CSUs to use in the cluster. (default 4)
      --storage int32    Amount of data storage available in GB. (default 50)
  -o, --output string    Specify the output format as "human", "json" or "yaml". (default "human")
  -h, --help             help for create

Global Flags:
  -v, --verbose count   Increase verbosity (-v for warn, -vv for info, -vvv for debug, -vvvv for trace).
