Manage Schema Registry.

Usage:
  ccloud schema-registry [command]

Available Commands:
  cluster     Manage Schema Registry cluster.
  schema      Manage Schema Registry schemas.
  subject     Manage Schema Registry subjects.

Flags:
  -h, --help   help for schema-registry

Global Flags:
  -v, --verbose count   Increase verbosity (-v for warn, -vv for info, -vvv for debug, -vvvv for trace).

Use "ccloud schema-registry [command] --help" for more information about a command.

Did you know you can use the `ccloud feedback` command to send the team feedback?
Let us know if the CLI is meeting your needs, or what we can do to improve it.
