It may take up to 5 minutes for the Kafka cluster to be ready.
+--------------+---------------------------+
| Id           | lkc-def963                |
| Name         | my-new-cluster            |
| Type         | BASIC                     |
| Ingress      |                       100 |
| Egress       |                       100 |
| Storage      |                      5000 |
| Provider     | aws                       |
| Availability | LOW                       |
| Region       | us-east-1                 |
| Status       | PROVISIONING              |
| Endpoint     | SASL_SSL://kafka-endpoint |
| ApiEndpoint  | http://127.0.0.1:12345    |
+--------------+---------------------------+
