+--------------+---------------------------+
| Id           | lkc-describe-dedicated    |
| Name         | kafka-cluster             |
| Type         | DEDICATED                 |
| Ingress      |                       100 |
| Egress       |                       100 |
| Storage      |                       500 |
| Provider     | aws                       |
| Availability | single-zone               |
| Region       | us-west-2                 |
| Status       | PROVISIONING              |
| Endpoint     | SASL_SSL://kafka-endpoint |
| ApiEndpoint  | http://kafka-api-url      |
| ClusterSize  |                         1 |
+--------------+---------------------------+
