{
  "id": "lkc-describe-dedicated-pending",
  "name": "kafka-cluster",
  "type": "DEDICATED",
  "cluster_size": 1,
  "pending_cluster_size": 2,
  "ingress": 100,
  "egress": 100,
  "storage": 500,
  "provider": "aws",
  "region": "us-west-2",
  "availability": "LOW",
  "status": "PROVISIONING",
  "endpoint": "SASL_SSL://kafka-endpoint",
  "api_endpoint": "http://kafka-api-url"
}
