Manage Kafka clusters.

Usage:
  ccloud kafka cluster [command]

Available Commands:
  create      Create a Kafka cluster.
  delete      Delete a Kafka cluster.
  describe    Describe a Kafka cluster.
  list        List Kafka clusters.
  update      Update a Kafka cluster.
  use         Make the Kafka cluster active for use in other commands.

Global Flags:
  -h, --help            Show help for this command.
  -v, --verbose count   Increase verbosity (-v for warn, -vv for info, -vvv for debug, -vvvv for trace).

Use "ccloud kafka cluster [command] --help" for more information about a command.

Did you know you can use the `ccloud feedback` command to send the team feedback?
Let us know if the CLI is meeting your needs, or what we can do to improve it.
