Topic: topic1 PartitionCount: 1 ReplicationFactor: 1
  Topic  | Partition | Leader | Replicas | ISR  
+--------+-----------+--------+----------+-----+
  topic1 |         2 |      0 | [0]      | []   

Configuration

     Name     |    Value      
+-------------+--------------+
  test-config | config-value  
