Error: accepts 1 arg(s), received 0
Usage:
  ccloud kafka topic create <topic> [flags]

Examples:
Create a topic named ``my_topic`` with default options.

::

  ccloud kafka topic create my_topic



Flags:
      --partitions int32      Number of topic partitions. (default 6)
      --config strings        A comma-separated list of topic config overrides ('key=value') for the topic being created.
      --link string           The name of the cluster link the topic is associated with, if mirrored.
      --mirror-topic string   The name of the topic over the cluster link to mirror.
      --dry-run               Run the command without committing changes to Kafka.
      --if-not-exists         Exit gracefully if topic already exists.
      --environment string    Environment ID.
      --cluster string        Kafka cluster ID.
      --context string        CLI Context name.

Global Flags:
  -h, --help            Show help for this command.
  -v, --verbose count   Increase verbosity (-v for warn, -vv for info, -vvv for debug, -vvvv for trace).

