Error: required flag(s) "cluster-name" not set
Usage:
  confluent cluster unregister [flags]

Flags:
      --cluster-name string   REQUIRED: Cluster Name.

Global Flags:
  -h, --help            Show help for this command.
  -v, --verbose count   Increase verbosity (-v for warn, -vv for info, -vvv for debug, -vvvv for trace).

