       Key      | Description | Owner |      Owner Email      | Resource Type | Resource ID  |       Created         
+---------------+-------------+-------+-----------------------+---------------+--------------+----------------------+
    MYKEY6      | my-ksql-app |    23 | bstrauch@confluent.io | ksql          | lksqlc-ksql1 | 1999-02-24T00:00:00Z  
    UIAPIKEY102 |             |    25 | bstrauch@confluent.io | ksql          | lksqlc-ksql1 | 1999-02-24T00:00:00Z  
