    Key    | Description | Owner |      Owner Email      |  Resource Type  | Resource ID |       Created         
+----------+-------------+-------+-----------------------+-----------------+-------------+----------------------+
    MYKEY7 |             |    23 | bstrauch@confluent.io | schema-registry | lsrc-1      | 1999-02-24T00:00:00Z  
