    Key    | Description | Owner |      Owner Email      |  Resource Type  | Resource ID  |       Created         
+----------+-------------+-------+-----------------------+-----------------+--------------+----------------------+
    MYKEY3 |             |    23 | bstrauch@confluent.io | kafka           | lkc-bob      | 1999-02-24T00:00:00Z  
    MYKEY4 | my-cool-app |    23 | bstrauch@confluent.io | kafka           | lkc-cool1    | 1999-02-24T00:00:00Z  
    MYKEY6 | my-ksql-app |    23 | bstrauch@confluent.io | ksql            | lksqlc-ksql1 | 1999-02-24T00:00:00Z  
    MYKEY7 |             |    23 | bstrauch@confluent.io | schema-registry | lsrc-1       | 1999-02-24T00:00:00Z  
    MYKEY8 |             |    23 | bstrauch@confluent.io | cloud           |              | 1999-02-24T00:00:00Z  
