       Key      | Owner | Description | Resource Type | Resource ID   
+---------------+-------+-------------+---------------+--------------+
    MYKEY1      |    12 | first-key   | kafka         | lkc-bob       
    MYKEY2      |    18 |             | kafka         | lkc-abc       
    MYKEY3      |    23 |             | kafka         | lkc-bob       
    UIAPIKEY100 |    25 |             | kafka         | lkc-cool1     
    UIAPIKEY101 |    25 |             | kafka         | lkc-other1    
    UIAPIKEY102 |    25 |             | ksql          | lksqlc-ksql1  
    UIAPIKEY103 |    25 |             | kafka         | lkc-cool1     
