[
  {
    "description": "first-key",
    "key": "MYKEY1",
    "owner": "12",
    "resource_id": "lkc-bob",
    "resource_type": "kafka"
  }, 
  {
    "description": "",
    "key": "MYKEY2",
    "owner": "18",
    "resource_id": "lkc-abc",
    "resource_type": "kafka"
  }, 
  {
    "description": "",
    "key": "MYKEY3",
    "owner": "23",
    "resource_id": "lkc-bob",
    "resource_type": "kafka"
  }, 
  {
    "description": "",
    "key": "UIAPIKEY100",
    "owner": "25",
    "resource_id": "lkc-cool1",
    "resource_type": "kafka"
  }, 
  {
    "description": "",
    "key": "UIAPIKEY101",
    "owner": "25",
    "resource_id": "lkc-other1",
    "resource_type": "kafka"
  }, 
  {
    "description": "",
    "key": "UIAPIKEY102",
    "owner": "25",
    "resource_id": "lksqlc-ksql1",
    "resource_type": "ksql"
  }, 
  {
    "description": "",
    "key": "UIAPIKEY103",
    "owner": "25",
    "resource_id": "lkc-cool1",
    "resource_type": "kafka"
  }
]
