    Key    | Description | Owner |      Owner Email      | Resource Type | Resource ID |       Created         
+----------+-------------+-------+-----------------------+---------------+-------------+----------------------+
    MYKEY2 |             |    18 | bstrauch@confluent.io | kafka         | lkc-abc     | 1999-02-24T00:00:00Z  
