    Key    | Description | Owner |      Owner Email      | Resource Type | Resource ID |       Created         
+----------+-------------+-------+-----------------------+---------------+-------------+----------------------+
    MYKEY8 |             |    23 | bstrauch@confluent.io | cloud         |             | 1999-02-24T00:00:00Z  
