       Key      | Description | Owner |      Owner Email      | Resource Type | Resource ID |       Created         
+---------------+-------------+-------+-----------------------+---------------+-------------+----------------------+
    UIAPIKEY101 |             |    25 | bstrauch@confluent.io | kafka         | lkc-other1  | 1999-02-24T00:00:00Z  
