List the available RBAC roles.

Usage:
  confluent iam role list [flags]

Flags:
  -o, --output string    Specify the output format as "human", "json", or "yaml". (default "human")
      --context string   CLI Context name.

Global Flags:
  -h, --help            Show help for this command.
  -v, --verbose count   Increase verbosity (-v for warn, -vv for info, -vvv for debug, -vvvv for trace).
