Sign up for Confluent Cloud. Use Ctrl+C to quit at any time.
Email: There is already an account associated with this email. If your email has not been verified, a new verification email will be sent.
Once your email is verified, please login using "ccloud login". For any assistance, contact support@confluent.io.
